// Vitest Snapshot v1, https://vitest.dev/guide/snapshot.html

exports[`Sidebar > renders Sidebar and take a snapshop 1`] = `
<DocumentFragment>
  .c9 .cds--popover-content {
  background: #181818;
}

.c9 .cds--popover-caret {
  background-color: #181818;
}

.c7 {
  position: fixed;
  z-index: 10;
  top: 1rem;
  display: flex;
  align-items: center;
  flex-direction: column;
  right: 0.5rem;
}

.c8 {
  z-index: 1;
  position: fixed;
  right: .5rem;
  bottom: 2.5rem;
  display: flex;
  flex-direction: column;
  align-items: center;
}

.c4 >.cds--modal-container {
  background: #383838;
  background: #181818;
  overflow: unset;
}

.c5 >h3 {
  color: #fff;
  font-size: 1rem;
  font-weight: 600;
  line-height: 1.5rem;
}

.c5 button svg {
  fill: #fff;
}

.c5 .giga-text {
  display: flex;
  color: #fff;
  font-size: 2.4rem;
  font-weight: bolder;
}

.c5 .giga-text span:first-child {
  font-weight: 100;
}

.c5 .cds--modal-close:hover {
  background-color: #181818;
}

.c6 {
  overflow: unset;
}

.c6 .cds--tooltip-content {
  background: #fff!important;
  color: #181818!important;
}

.c6 .cds--popover-caret {
  background: #fff;
}

.c6 .subheading {
  color: var(--text-text-primary, #161616);
  font-size: 0.875rem;
  margin-bottom: 1rem;
}

.c6 .field-wrapper {
  display: flex;
  flex-direction: column;
  align-items: flex-start;
  align-self: stretch;
  width: 100%;
  margin-bottom: 1rem;
  font-family: Open Sans;
  font-size: 0.875rem;
  font-style: normal;
  font-weight: 400;
  line-height: 1.125rem;
}

.c6 .field-wrapper .text-input-container {
  display: flex;
  align-items: flex-end;
  gap: 0.625rem;
  align-self: stretch;
  width: 100%;
  margin-top: 0.5rem;
}

.c6 .field-wrapper .text-input-container .copy-button {
  background: #fff;
}

.c6 .field-wrapper .text-input-container .copy-button svg {
  fill: #181818;
}

.c6 .field-wrapper .text-input-container .side-panel-shareURL-text-and-textInput {
  width: inherit;
  height: 2.5rem;
  border-bottom: 1px solid var(--border-border-strong-01, #8D8D8D);
  background: #fff;
}

.c6 .social-share-icons {
  display: flex;
  align-items: flex-start;
  gap: 1rem;
  flex-wrap: wrap;
  margin-top: 0.5rem;
}

.c6 .social-share-icons button {
  padding: 0;
  align-items: center;
  justify-content: center;
}

.c6 .social-share-icons .twitter-icon {
  fill: #277AFF;
}

.c6 .field-wrapper span {
  color: #fff;
  font-size: 0.875rem;
  font-weight: 400;
  line-height: 1.25rem;
}

.c6 .field-wrapper input {
  background: #474747;
  color: #fff;
  border: none;
}

.c6 .share-icons-container span {
  color: #fff;
}

.c6 .share-icons-container .social-share-icons svg {
  fill: #fff;
}

.c1 {
  display: flex;
  align-items: center;
  padding: 0.8rem 1rem 0.8rem 1rem!important;
  cursor: pointer;
  color: #181818;
}

.c1:hover {
  background: #fff!important;
}

.c1:hover .cds--side-nav__link-text {
  color: #181818!important;
  font-weight: normal;
}

.c1 >span.cds--side-nav__link-text {
  color: #fff;
  font-weight: normal;
}

.c1 >.cds--side-nav__icon {
  margin-right: 0.7rem;
}

.c1 .cds--side-nav__icon svg {
  fill: #fff;
}

.c1:hover .cds--side-nav__icon svg {
  fill: #181818;
}

.c2 .cds--contained-list-item__content:not(:disabled):hover {
  color: #181818;
  background: #fff;
}

.c2 .cds--contained-list-item__content {
  display: flex;
  align-items: center;
  padding: 0.8rem 1rem 0.8rem 1rem!important;
  cursor: pointer;
}

.c2 >.cds--contained-list-item__icon,
.c2 >.cds--side-nav__icon {
  margin-right: 0.7rem;
}

.c2 >.cds--contained-list-item__content,
.c2 >.cds--side-nav__link {
  color: #fff;
  font-family: Open Sans;
  font-size: 0.875rem;
  font-style: normal;
  font-weight: 400;
  line-height: 1.125rem;
}

.c0 {
  background: #181818;
  height: calc(100% - 3rem);
  top: 3rem;
  width: 100%;
  position: absolute;
  z-index: 13;
}

.c0 .cds--contained-list-item:not(:last-of-type)::before {
  background-color: #181818!important;
}

.c3 {
  bottom: 0;
  left: 0;
  width: 100%;
  padding: 0.5rem 1rem;
}

.c3 .cds--list-box__field {
  background: #333333;
}

.c3 .cds--list-box__label {
  color: #c0c0c0;
}

.c3 .cds--list-box__menu-icon svg {
  fill: #fff;
}

.c3 .cds--list-box__label {
  color: #f5f5f5;
}

.c3 .cds--label {
  color: #c0c0c0;
}

.c3 .cds--list-box__menu {
  background: #333333;
}

.c3 .cds--list-box__menu-item__option {
  color: #c0c0c0;
}

.c3 .cds--list-box__menu-item--active .cds--list-box__menu-item__option {
  color: #222;
}

@media (max-width:768px) {
  .c7 {
    top: 6.5rem;
  }
}

@media (max-width:768px) {
  .c8 {
    bottom: calc(32vh + 0.5rem);
  }
}

@media (max-width:768px) {
  .c0 {
    position: fixed;
  }
}

<div
    class="z-2 flex shrink-0 transition-all duration-300 h-[calc(100%-2.2rem)] fixed top-2 left-2 bottom-[1.8rem] min-[1584px]:bottom-2 w-[320px] min-[1584px]:w-[320px]"
  >
    <div
      class="sidebar flex h-inherit w-full! flex-col overflow-y-auto overflow-x-hidden rounded-lg! border! border-border! bg-background shadow-card! max-md:rounded-none ! max-md:border-none! max-md:shadow-none!"
    >
      <div
        class=""
      >
        <div
          class=""
        >
          <div
            class="flex w-full items-center justify-between border-b border-white/8 text-foreground! [&_.cds--btn--ghost]:!bg-transparent [&_.cds--btn--ghost:hover]:!bg-transparent [&_.cds--btn--ghost:active]:!bg-transparent [&_.cds--btn--ghost:focus]:!bg-transparent [&_.cds--btn--icon-only]:!flex [&_.cds--btn--icon-only]:!min-h-8 [&_.cds--btn--icon-only]:!min-w-8 [&_.cds--btn--icon-only]:!items-center [&_.cds--btn--icon-only]:!justify-center [&_.cds--btn--icon-only]:!p-0 [&_.cds--popover-caret]:!bg-current [&_.cds--tooltip-content]:!bg-current [&_svg]:!fill-[#f4f4f4]"
          >
            <div
              class="flex h-11 w-full items-center justify-start gap-2 px-3.5! py-0"
            >
              <button
                aria-label="Close"
                class="inline-flex items-center justify-center gap-1 whitespace-nowrap rounded-md text-sm font-medium transition-all disabled:pointer-events-none disabled:opacity-50 [&_svg]:pointer-events-none [&_svg:not([class*=size-])]:size-4 shrink-0 [&_svg]:shrink-0 outline-none focus-visible:border-ring focus-visible:ring-ring/50 focus-visible:ring-[3px] aria-invalid:ring-destructive/20 dark:aria-invalid:ring-destructive/40 aria-invalid:border-destructive rounded-full! bg-transparent hover:bg-transparent dark:border-input dark:hover:bg-input/10 size-9"
                data-size="icon"
                data-slot="button"
                data-state="closed"
                data-variant="icon"
              >
                <svg
                  aria-hidden="true"
                  class="lucide lucide-x size-5"
                  fill="none"
                  height="24"
                  stroke="currentColor"
                  stroke-linecap="round"
                  stroke-linejoin="round"
                  stroke-width="2"
                  viewBox="0 0 24 24"
                  width="24"
                  xmlns="http://www.w3.org/2000/svg"
                >
                  <path
                    d="M18 6 6 18"
                  />
                  <path
                    d="m6 6 12 12"
                  />
                </svg>
              </button>
              <a
                class="flex h-3 items-center no-underline outline-none shadow-none visited:no-underline hover:no-underline focus:no-underline active:no-underline"
                href="/map"
              >
                <img
                  alt="Giga logo"
                  class="h-4 w-auto"
                  src="/src/assets/images/giga-logo.png"
                />
              </a>
            </div>
          </div>
          <div
            class="c0"
          >
            <ul
              class="cds--side-nav__items"
            >
              <li
                class="cds--side-nav__item"
              >
                <a
                  class="cds--side-nav__link c1"
                  href="/docs/explore-api"
                  tabindex="0"
                  target="_blank"
                >
                  <div
                    class="cds--side-nav__icon cds--side-nav__icon--small"
                  >
                    <svg
                      aria-hidden="true"
                      fill="currentColor"
                      focusable="false"
                      height="16"
                      preserveAspectRatio="xMidYMid meet"
                      viewBox="0 0 32 32"
                      width="16"
                      xmlns="http://www.w3.org/2000/svg"
                    >
                      <path
                        d="M26,22a3.86,3.86,0,0,0-2,.57l-3.09-3.1a6,6,0,0,0,0-6.94L24,9.43A3.86,3.86,0,0,0,26,10a4,4,0,1,0-4-4,3.86,3.86,0,0,0,.57,2l-3.1,3.09a6,6,0,0,0-6.94,0L9.43,8A3.86,3.86,0,0,0,10,6a4,4,0,1,0-4,4,3.86,3.86,0,0,0,2-.57l3.09,3.1a6,6,0,0,0,0,6.94L8,22.57A3.86,3.86,0,0,0,6,22a4,4,0,1,0,4,4,3.86,3.86,0,0,0-.57-2l3.1-3.09a6,6,0,0,0,6.94,0L22.57,24A3.86,3.86,0,0,0,22,26a4,4,0,1,0,4-4ZM26,4a2,2,0,1,1-2,2A2,2,0,0,1,26,4ZM4,6A2,2,0,1,1,6,8,2,2,0,0,1,4,6ZM6,28a2,2,0,1,1,2-2A2,2,0,0,1,6,28Zm10-8a4,4,0,1,1,4-4A4,4,0,0,1,16,20Zm10,8a2,2,0,1,1,2-2A2,2,0,0,1,26,28Z"
                      />
                    </svg>
                  </div>
                  <span
                    class="cds--side-nav__link-text"
                  >
                    API’s and Download
                  </span>
                </a>
              </li>
              <li
                class="cds--side-nav__item"
              >
                <a
                  class="cds--side-nav__link c1"
                  href="/about"
                  tabindex="0"
                  target="_blank"
                >
                  <div
                    class="cds--side-nav__icon cds--side-nav__icon--small"
                  >
                    <svg
                      aria-hidden="true"
                      fill="currentColor"
                      focusable="false"
                      height="16"
                      preserveAspectRatio="xMidYMid meet"
                      viewBox="0 0 32 32"
                      width="16"
                      xmlns="http://www.w3.org/2000/svg"
                    >
                      <path
                        d="M17 22L17 14 13 14 13 16 15 16 15 22 12 22 12 24 20 24 20 22 17 22zM16 8a1.5 1.5 0 101.5 1.5A1.5 1.5 0 0016 8z"
                      />
                      <path
                        d="M26,28H6a2.0023,2.0023,0,0,1-2-2V6A2.0023,2.0023,0,0,1,6,4H26a2.0023,2.0023,0,0,1,2,2V26A2.0023,2.0023,0,0,1,26,28ZM6,6V26H26V6Z"
                      />
                    </svg>
                  </div>
                  <span
                    class="cds--side-nav__link-text"
                  >
                    About Giga maps
                  </span>
                </a>
              </li>
              <li
                class="cds--contained-list-item c2 cds--contained-list-item--clickable cds--contained-list-item--with-icon"
              >
                <button
                  class="cds--contained-list-item__content"
                  type="button"
                >
                  <div
                    class="cds--contained-list-item__icon"
                  >
                    <svg
                      aria-hidden="true"
                      fill="currentColor"
                      focusable="false"
                      height="16"
                      preserveAspectRatio="xMidYMid meet"
                      viewBox="0 0 32 32"
                      width="16"
                      xmlns="http://www.w3.org/2000/svg"
                    >
                      <path
                        d="M28,12H4a2.0023,2.0023,0,0,0-2,2V28a2.002,2.002,0,0,0,2,2H28a2.0023,2.0023,0,0,0,2-2V14A2.0027,2.0027,0,0,0,28,12ZM20,28H12V27a1.0009,1.0009,0,0,1,1-1h6a1.0009,1.0009,0,0,1,1,1Zm8,0H22V27a3.0033,3.0033,0,0,0-3-3H13a3.0033,3.0033,0,0,0-3,3v1H4V14H28.002Z"
                      />
                      <path
                        d="M16 23a4 4 0 114-4A4.0042 4.0042 0 0116 23zm0-6a2 2 0 102 2A2.0023 2.0023 0 0016 17zM30 4V8a2.0027 2.0027 0 01-2 2H24a2.0027 2.0027 0 01-2-2V4a2.0027 2.0027 0 012-2h4A2.0027 2.0027 0 0130 4zM28 8l.002-4H24V8zM20 4V8a2.0027 2.0027 0 01-2 2H14a2.0023 2.0023 0 01-2-2V4a2.0023 2.0023 0 012-2h4A2.0027 2.0027 0 0120 4zM18 8l.002-4H14V8zM10 4V8a2.0023 2.0023 0 01-2 2H4A2.0023 2.0023 0 012 8V4A2.0023 2.0023 0 014 2H8A2.0023 2.0023 0 0110 4zM8 8l.0015-4H4V8z"
                      />
                    </svg>
                  </div>
                  <div>
                    Tour
                  </div>
                </button>
              </li>
            </ul>
            <div
              class="cds--dropdown__wrapper cds--list-box__wrapper c3"
            >
              <div
                class="cds--dropdown cds--list-box"
                id="language"
              >
                <button
                  aria-activedescendant=""
                  aria-controls="downshift-:r1:-menu"
                  aria-expanded="false"
                  aria-haspopup="listbox"
                  aria-labelledby="downshift-:r1:-label"
                  class="cds--list-box__field"
                  id="downshift-:r1:-toggle-button"
                  role="combobox"
                  tabindex="0"
                  title="English"
                  type="button"
                >
                  <span
                    class="cds--list-box__label"
                  >
                    English
                  </span>
                  <div
                    class="cds--list-box__menu-icon"
                  >
                    <svg
                      aria-label="Open menu"
                      fill="currentColor"
                      focusable="false"
                      height="16"
                      name="chevron--down"
                      preserveAspectRatio="xMidYMid meet"
                      role="img"
                      viewBox="0 0 16 16"
                      width="16"
                      xmlns="http://www.w3.org/2000/svg"
                    >
                      <path
                        d="M8 11 3 6 3.7 5.3 8 9.6 12.3 5.3 13 6z"
                      />
                      <title>
                        Open menu
                      </title>
                    </svg>
                  </div>
                </button>
                <ul
                  aria-labelledby="downshift-:r1:-label"
                  class="cds--list-box__menu"
                  id="downshift-:r1:-menu"
                  role="listbox"
                />
              </div>
            </div>
          </div>
        </div>
      </div>
      <div
        class="flex min-h-0 flex-1 flex-col"
      >
        <div
          class="relative! overflow-hidden! h-auto! max-h-none!"
          data-slot="scroll-area"
          dir="ltr"
          style="position: relative; --radix-scroll-area-corner-width: 0px; --radix-scroll-area-corner-height: 0px;"
        >
          <style>
            [data-radix-scroll-area-viewport]{scrollbar-width:none;-ms-overflow-style:none;-webkit-overflow-scrolling:touch;}[data-radix-scroll-area-viewport]::-webkit-scrollbar{display:none}
          </style>
          <div
            class="h-full! w-full! rounded-[inherit]!"
            data-radix-scroll-area-viewport=""
            data-slot="scroll-area-viewport"
            style="overflow-x: hidden; overflow-y: scroll;"
          >
            <div
              style="min-width: 100%; display: table;"
            >
              <div
                class="w-full! px-3.5! pt-4! pb-2.5!"
              >
                <div
                  class="flex! flex-col! gap-1!"
                >
                  <div
                    class="flex! items-start! justify-between! gap-1!"
                  >
                    <p
                      class="m-0! max-w-56! font-manrope! text-2xl! font-extralight! leading-[36px]! text-foreground!"
                    >
                      Global connectivity map for children
                    </p>
                    <button
                      aria-label="Share content"
                      class="inline-flex items-center justify-center gap-1 whitespace-nowrap rounded-md text-sm font-medium transition-all disabled:pointer-events-none disabled:opacity-50 [&_svg]:pointer-events-none [&_svg:not([class*=size-])]:size-4 shrink-0 [&_svg]:shrink-0 outline-none focus-visible:border-ring focus-visible:ring-ring/50 focus-visible:ring-[3px] aria-invalid:ring-destructive/20 dark:aria-invalid:ring-destructive/40 aria-invalid:border-destructive rounded-full! bg-transparent hover:bg-transparent dark:border-input dark:hover:bg-input/10 size-9 text-foreground!"
                      data-size="icon"
                      data-slot="button"
                      data-state="closed"
                      data-variant="icon"
                      type="button"
                    >
                      <svg
                        aria-hidden="true"
                        class="lucide lucide-share2 lucide-share-2 size-4"
                        fill="none"
                        height="24"
                        stroke="currentColor"
                        stroke-linecap="round"
                        stroke-linejoin="round"
                        stroke-width="2"
                        viewBox="0 0 24 24"
                        width="24"
                        xmlns="http://www.w3.org/2000/svg"
                      >
                        <circle
                          cx="18"
                          cy="5"
                          r="3"
                        />
                        <circle
                          cx="6"
                          cy="12"
                          r="3"
                        />
                        <circle
                          cx="18"
                          cy="19"
                          r="3"
                        />
                        <line
                          x1="8.59"
                          x2="15.42"
                          y1="13.51"
                          y2="17.49"
                        />
                        <line
                          x1="15.41"
                          x2="8.59"
                          y1="6.51"
                          y2="10.49"
                        />
                      </svg>
                    </button>
                  </div>
                  <p
                    class="m-0! text-xs! font-normal! leading-4.5! tracking-[0.01rem]! text-muted-foreground!"
                  >
                    An open & live global map of mapped entities and their connectivity
                  </p>
                </div>
                <div
                  class="mt-4! flex! flex-col! gap-3!"
                >
                  <div
                    data-orientation="vertical"
                    data-slot="accordion"
                  >
                    <div
                      class="flex! flex-col! gap-3!"
                    >
                      <div
                        class="overflow-visible! rounded-lg! border! border-border!"
                        data-orientation="vertical"
                        data-slot="accordion-item"
                        data-state="closed"
                      >
                        <h3
                          class="flex!"
                          data-orientation="vertical"
                          data-slot="accordion-header"
                          data-state="closed"
                        >
                          <button
                            aria-controls="radix-:r4:"
                            aria-expanded="false"
                            class="flex! w-full! items-center! justify-between! gap-3! border-0! bg-transparent! outline-none! px-3.5! py-3! text-foreground! data-[state=open]:pb-3! data-[state=open]:pt-3!"
                            data-orientation="vertical"
                            data-radix-collection-item=""
                            data-slot="accordion-trigger"
                            data-state="closed"
                            id="radix-:r3:"
                            type="button"
                          >
                            <div
                              class="flex! min-w-0! items-center! gap-2.5!"
                            >
                              <div
                                class="min-w-0! text-left! text-[15px]! font-semibold! leading-[18px]! text-foreground"
                              >
                                Schools
                              </div>
                            </div>
                            <svg
                              aria-hidden="true"
                              class="lucide lucide-chevron-down"
                              fill="none"
                              height="16"
                              stroke="currentColor"
                              stroke-linecap="round"
                              stroke-linejoin="round"
                              stroke-width="2"
                              viewBox="0 0 24 24"
                              width="16"
                              xmlns="http://www.w3.org/2000/svg"
                            >
                              <path
                                d="m6 9 6 6 6-6"
                              />
                            </svg>
                          </button>
                        </h3>
                        <div
                          class="space-y-3! px-4! pb-3!"
                        >
                          <div
                            class="animate-pulse rounded-md bg-muted h-4! w-full! rounded-sm!"
                            data-slot="skeleton"
                          />
                          <div
                            class="animate-pulse rounded-md bg-muted h-4! w-full! rounded-sm!"
                            data-slot="skeleton"
                          />
                          <div
                            class="animate-pulse rounded-md bg-muted h-4! w-full! rounded-sm!"
                            data-slot="skeleton"
                          />
                        </div>
                        <div
                          aria-labelledby="radix-:r3:"
                          class="hidden!"
                          data-orientation="vertical"
                          data-slot="accordion-content"
                          data-state="closed"
                          hidden=""
                          id="radix-:r4:"
                          role="region"
                          style="--radix-accordion-content-height: var(--radix-collapsible-content-height); --radix-accordion-content-width: var(--radix-collapsible-content-width);"
                        />
                      </div>
                      <div
                        class="overflow-visible! rounded-lg! border! border-border!"
                        data-orientation="vertical"
                        data-slot="accordion-item"
                        data-state="closed"
                      >
                        <h3
                          class="flex!"
                          data-orientation="vertical"
                          data-slot="accordion-header"
                          data-state="closed"
                        >
                          <button
                            aria-controls="radix-:r6:"
                            aria-expanded="false"
                            class="flex! w-full! items-center! justify-between! gap-3! border-0! bg-transparent! outline-none! px-3.5! py-3! text-foreground! data-[state=open]:pb-3! data-[state=open]:pt-3!"
                            data-orientation="vertical"
                            data-radix-collection-item=""
                            data-slot="accordion-trigger"
                            data-state="closed"
                            id="radix-:r5:"
                            type="button"
                          >
                            <div
                              class="flex! min-w-0! items-center! gap-2.5!"
                            >
                              <div
                                class="min-w-0! text-left! text-[15px]! font-semibold! leading-[18px]! text-foreground"
                              >
                                Health centers
                              </div>
                            </div>
                            <svg
                              aria-hidden="true"
                              class="lucide lucide-chevron-down"
                              fill="none"
                              height="16"
                              stroke="currentColor"
                              stroke-linecap="round"
                              stroke-linejoin="round"
                              stroke-width="2"
                              viewBox="0 0 24 24"
                              width="16"
                              xmlns="http://www.w3.org/2000/svg"
                            >
                              <path
                                d="m6 9 6 6 6-6"
                              />
                            </svg>
                          </button>
                        </h3>
                        <div
                          class="space-y-3! px-4! pb-3!"
                        >
                          <div
                            class="animate-pulse rounded-md bg-muted h-4! w-full! rounded-sm!"
                            data-slot="skeleton"
                          />
                          <div
                            class="animate-pulse rounded-md bg-muted h-4! w-full! rounded-sm!"
                            data-slot="skeleton"
                          />
                          <div
                            class="animate-pulse rounded-md bg-muted h-4! w-full! rounded-sm!"
                            data-slot="skeleton"
                          />
                        </div>
                        <div
                          aria-labelledby="radix-:r5:"
                          class="hidden!"
                          data-orientation="vertical"
                          data-slot="accordion-content"
                          data-state="closed"
                          hidden=""
                          id="radix-:r6:"
                          role="region"
                          style="--radix-accordion-content-height: var(--radix-collapsible-content-height); --radix-accordion-content-width: var(--radix-collapsible-content-width);"
                        />
                      </div>
                    </div>
                  </div>
                </div>
              </div>
            </div>
          </div>
        </div>
        <div
          aria-hidden="true"
          class="cds--modal c4"
          role="presentation"
        >
          <div
            aria-modal="true"
            class="cds--modal-container"
            role="dialog"
          >
            <button
              class="cds--visually-hidden"
              type="button"
            >
              Focus sentinel
            </button>
            <div
              class="cds--modal-container-body"
            >
              <div
                class="cds--modal-header c5"
              >
                <h3
                  class="cds--modal-header__heading cds--type-beta"
                >
                  Share
                </h3>
                <button
                  aria-label="Close"
                  class="cds--modal-close"
                  title="Close"
                  type="button"
                >
                  <svg
                    aria-hidden="true"
                    class="cds--modal-close__icon"
                    fill="currentColor"
                    focusable="false"
                    height="20"
                    preserveAspectRatio="xMidYMid meet"
                    viewBox="0 0 32 32"
                    width="20"
                    xmlns="http://www.w3.org/2000/svg"
                  >
                    <path
                      d="M17.4141 16 24 9.4141 22.5859 8 16 14.5859 9.4143 8 8 9.4141 14.5859 16 8 22.5859 9.4143 24 16 17.4141 22.5859 24 24 22.5859 17.4141 16z"
                    />
                  </svg>
                </button>
              </div>
              <div
                class="scrollbar-container ps"
              >
                <div
                  class="cds--modal-content c6"
                >
                  <div
                    class="field-wrapper"
                  >
                    <span>
                      Copy URL
                    </span>
                    <div
                      class="text-input-container"
                    >
                      <div
                        class="cds--form-item cds--text-input-wrapper cds--text-input-wrapper--readonly"
                      >
                        <div
                          class="cds--text-input__label-wrapper"
                        />
                        <div
                          class="cds--text-input__field-outer-wrapper"
                        >
                          <div
                            class="cds--text-input__field-wrapper"
                          >
                            <input
                              class="cds--text-input"
                              id="text-input-1"
                              readonly=""
                              type="text"
                              value="http://localhost:3000/map"
                            />
                            <span
                              class="cds--text-input__counter-alert"
                              role="alert"
                            />
                          </div>
                        </div>
                      </div>
                      <div
                        class="cds--layout-constraint--size__default-md cds--layout-constraint--size__max-lg"
                      >
                        <span
                          class="cds--popover-container cds--popover--caret cds--popover--high-contrast cds--popover--bottom cds--tooltip cds--icon-tooltip"
                        >
                          <div
                            class="cds--tooltip-trigger__wrapper"
                          >
                            <button
                              aria-labelledby="tooltip-:r7:"
                              class="cds--btn--icon-only copy-button cds--copy-btn cds--copy cds--btn cds--btn--primary"
                              type="button"
                            >
                              <svg
                                aria-hidden="true"
                                class="cds--snippet__icon"
                                fill="currentColor"
                                focusable="false"
                                height="16"
                                preserveAspectRatio="xMidYMid meet"
                                viewBox="0 0 32 32"
                                width="16"
                                xmlns="http://www.w3.org/2000/svg"
                              >
                                <path
                                  d="M28,10V28H10V10H28m0-2H10a2,2,0,0,0-2,2V28a2,2,0,0,0,2,2H28a2,2,0,0,0,2-2V10a2,2,0,0,0-2-2Z"
                                />
                                <path
                                  d="M4,18H2V4A2,2,0,0,1,4,2H18V4H4Z"
                                />
                              </svg>
                            </button>
                          </div>
                          <span
                            aria-hidden="true"
                            class="cds--popover"
                            id="tooltip-:r7:"
                            role="tooltip"
                          >
                            <span
                              class="cds--popover-content cds--tooltip-content"
                            >
                              Copy
                            </span>
                            <span
                              class="cds--popover-caret"
                            />
                          </span>
                        </span>
                      </div>
                    </div>
                  </div>
                  <div
                    class="share-icons-container"
                  >
                    <span>
                      Or share using
                    </span>
                    <div
                      class="social-share-icons"
                    >
                      <a
                        class="cds--link"
                        href="https://twitter.com/intent/tweet?text=Giga Maps&url=https://twitter.com/intent/tweet?text=giga-maps&url=http%3A%2F%2Flocalhost%3A3000%2Fmap"
                        rel="noopener"
                        target="_blank"
                      >
                        <span
                          class="cds--popover-container cds--popover--caret cds--popover--high-contrast cds--popover--bottom cds--tooltip cds--icon-tooltip"
                        >
                          <div
                            class="cds--tooltip-trigger__wrapper"
                          >
                            <button
                              aria-labelledby="tooltip-:r9:"
                              class="cds--btn--icon-only cds--btn cds--layout--size-lg cds--btn--ghost"
                              type="button"
                            >
                              <svg
                                class="twitter-icon"
                                fill="none"
                                height="24"
                                viewBox="0 0 1200 1227"
                                width="24"
                                xmlns="http://www.w3.org/2000/svg"
                              >
                                <g
                                  clip-path="url(#clip0_1_2)"
                                >
                                  <path
                                    d="M714.163 519.284L1160.89 0H1055.03L667.137 450.887L357.328 0H0L468.492 681.821L0 1226.37H105.866L515.491 750.218L842.672 1226.37H1200L714.137 519.284H714.163ZM569.165 687.828L521.697 619.934L144.011 79.6944H306.615L611.412 515.685L658.88 583.579L1055.08 1150.3H892.476L569.165 687.854V687.828Z"
                                    fill="none"
                                  />
                                </g>
                                <defs>
                                  <clippath
                                    id="clip0_1_2"
                                  >
                                    <rect
                                      fill="none"
                                      height="1227"
                                      width="1200"
                                    />
                                  </clippath>
                                </defs>
                              </svg>
                            </button>
                          </div>
                          <span
                            aria-hidden="true"
                            class="cds--popover"
                            id="tooltip-:r9:"
                            role="tooltip"
                          >
                            <span
                              class="cds--popover-content cds--tooltip-content"
                            >
                              Twitter
                            </span>
                            <span
                              class="cds--popover-caret"
                            />
                          </span>
                        </span>
                      </a>
                      <a
                        class="cds--link"
                        href="mailto:?subject=Giga Maps – Navigation Link&body=Dear%20User%2C%0A%20%20%20%20%20%20%20%20%20%20%20%20%20%20%20%20I%20hope%20this%20email%20finds%20you%20well.%20I'd%20like%20to%20share%20the%20GIGA%20Maps%20URL%20with%20you%3A%0A%20%20%20%20%20%20%20%20%20%20%20%20%20%20%20%20Application%20URL%20-%20http%3A%2F%2Flocalhost%3A3000%2Fmap%0A%20%20%20%20%20%20%20%20%20%20%20%20%20%20%20%20This%20link%20will%20take%20you%20to%20the%20GIGA%20Maps%20application%2C%20allowing%20you%20to%20navigate%20through%20it.%0A%20%20%20%20%20%20%20%20%20%20%20%20%20%20%20%20%0A%20%20%20%20%20%20%20%20%20%20%20%20%20%20%20%20Regards%2C%0A%20%20%20%20%20%20%20%20%20%20%20%20%20%20%20%20gigamaps%0A%20%20%20%20%20%20%20%20%20%20%20%20%20%20%20%20Support%20Mail%20Id%3A%20giga%40mail.unicef.org%0A%20%20%20%20%20%20%20%20%20%20%20%20%20%20%20%20%C2%A92023-2024%20All%20rights%20reserved"
                        rel="noopener"
                        target="_blank"
                      >
                        <span
                          class="cds--popover-container cds--popover--caret cds--popover--high-contrast cds--popover--bottom cds--tooltip cds--icon-tooltip"
                        >
                          <div
                            class="cds--tooltip-trigger__wrapper"
                          >
                            <button
                              aria-labelledby="tooltip-:rb:"
                              class="cds--btn--icon-only cds--btn cds--layout--size-lg cds--btn--ghost"
                              type="button"
                            >
                              <svg
                                aria-hidden="true"
                                fill="currentColor"
                                focusable="false"
                                height="32"
                                preserveAspectRatio="xMidYMid meet"
                                viewBox="0 0 32 32"
                                width="32"
                                xmlns="http://www.w3.org/2000/svg"
                              >
                                <path
                                  d="M28,6H4A2,2,0,0,0,2,8V24a2,2,0,0,0,2,2H28a2,2,0,0,0,2-2V8A2,2,0,0,0,28,6ZM25.8,8,16,14.78,6.2,8ZM4,24V8.91l11.43,7.91a1,1,0,0,0,1.14,0L28,8.91V24Z"
                                />
                              </svg>
                            </button>
                          </div>
                          <span
                            aria-hidden="true"
                            class="cds--popover"
                            id="tooltip-:rb:"
                            role="tooltip"
                          >
                            <span
                              class="cds--popover-content cds--tooltip-content"
                            >
                              Email
                            </span>
                            <span
                              class="cds--popover-caret"
                            />
                          </span>
                        </span>
                      </a>
                      <a
                        class="cds--link"
                        href="https://api.whatsapp.com/send?text=Giga%20Maps%20http%3A%2F%2Flocalhost%3A3000%2Fmap"
                        rel="noopener"
                        target="_blank"
                      >
                        <span
                          class="cds--popover-container cds--popover--caret cds--popover--high-contrast cds--popover--bottom cds--tooltip cds--icon-tooltip"
                        >
                          <div
                            class="cds--tooltip-trigger__wrapper"
                          >
                            <button
                              aria-labelledby="tooltip-:rd:"
                              class="cds--btn--icon-only cds--btn cds--layout--size-lg cds--btn--ghost"
                              type="button"
                            >
                              <svg
                                height="32"
                                id="Layer_1"
                                style="enable-background: new 0 0 56.693 56.693;"
                                viewBox="0 0 56.693 56.693"
                                width="32"
                                xml:space="preserve"
                                xmlns="http://www.w3.org/2000/svg"
                                xmlns:xlink="http://www.w3.org/1999/xlink"
                              >
                                <style
                                  type="text/css"
                                >
                                  
	.st0{fill-rule:evenodd;clip-rule:evenodd;}

                                </style>
                                <g>
                                  <path
                                    class="st0"
                                    d="M46.3802,10.7138c-4.6512-4.6565-10.8365-7.222-17.4266-7.2247c-13.5785,0-24.63,11.0506-24.6353,24.6333   c-0.0019,4.342,1.1325,8.58,3.2884,12.3159l-3.495,12.7657l13.0595-3.4257c3.5982,1.9626,7.6495,2.9971,11.7726,2.9985h0.01   c0.0008,0-0.0006,0,0.0002,0c13.5771,0,24.6293-11.0517,24.635-24.6347C53.5914,21.5595,51.0313,15.3701,46.3802,10.7138z    M28.9537,48.6163h-0.0083c-3.674-0.0014-7.2777-0.9886-10.4215-2.8541l-0.7476-0.4437l-7.7497,2.0328l2.0686-7.5558   l-0.4869-0.7748c-2.0496-3.26-3.1321-7.028-3.1305-10.8969c0.0044-11.2894,9.19-20.474,20.4842-20.474   c5.469,0.0017,10.6101,2.1344,14.476,6.0047c3.8658,3.8703,5.9936,9.0148,5.9914,14.4859   C49.4248,39.4307,40.2395,48.6163,28.9537,48.6163z"
                                  />
                                  <path
                                    class="st0"
                                    d="M40.1851,33.281c-0.6155-0.3081-3.6419-1.797-4.2061-2.0026c-0.5642-0.2054-0.9746-0.3081-1.3849,0.3081   c-0.4103,0.6161-1.59,2.0027-1.9491,2.4136c-0.359,0.4106-0.7182,0.4623-1.3336,0.1539c-0.6155-0.3081-2.5989-0.958-4.95-3.0551   c-1.83-1.6323-3.0653-3.6479-3.4245-4.2643c-0.359-0.6161-0.0382-0.9492,0.27-1.2562c0.2769-0.2759,0.6156-0.7189,0.9234-1.0784   c0.3077-0.3593,0.4103-0.6163,0.6155-1.0268c0.2052-0.4109,0.1027-0.7704-0.0513-1.0784   c-0.1539-0.3081-1.3849-3.3379-1.8978-4.5706c-0.4998-1.2001-1.0072-1.0375-1.3851-1.0566   c-0.3585-0.0179-0.7694-0.0216-1.1797-0.0216s-1.0773,0.1541-1.6414,0.7702c-0.5642,0.6163-2.1545,2.1056-2.1545,5.1351   c0,3.0299,2.2057,5.9569,2.5135,6.3676c0.3077,0.411,4.3405,6.6282,10.5153,9.2945c1.4686,0.6343,2.6152,1.013,3.5091,1.2966   c1.4746,0.4686,2.8165,0.4024,3.8771,0.2439c1.1827-0.1767,3.6419-1.489,4.1548-2.9267c0.513-1.438,0.513-2.6706,0.359-2.9272   C41.211,33.7433,40.8006,33.5892,40.1851,33.281z"
                                  />
                                </g>
                              </svg>
                            </button>
                          </div>
                          <span
                            aria-hidden="true"
                            class="cds--popover"
                            id="tooltip-:rd:"
                            role="tooltip"
                          >
                            <span
                              class="cds--popover-content cds--tooltip-content"
                            >
                              WhatsApp
                            </span>
                            <span
                              class="cds--popover-caret"
                            />
                          </span>
                        </span>
                      </a>
                    </div>
                  </div>
                </div>
                <div
                  class="ps__rail-x"
                  style="left: 0px; top: 0px;"
                >
                  <div
                    class="ps__thumb-x"
                    style="left: 0px; width: 0px;"
                    tabindex="0"
                  />
                </div>
                <div
                  class="ps__rail-y"
                  style="top: 0px; left: 0px;"
                >
                  <div
                    class="ps__thumb-y"
                    style="top: 0px; height: 0px;"
                    tabindex="0"
                  />
                </div>
              </div>
            </div>
            <button
              class="cds--visually-hidden"
              type="button"
            >
              Focus sentinel
            </button>
          </div>
        </div>
        <button
          class="sidebar__expander absolute bottom-22 left-full flex h-12 w-4 items-center justify-center border-0 p-0 outline-none max-md:hidden cursor-pointer bg-background"
          type="button"
        >
          <svg
            aria-hidden="true"
            class="lucide lucide-chevron-right transition-all duration-500 text-foreground rotate-180"
            fill="none"
            height="24"
            stroke="currentColor"
            stroke-linecap="round"
            stroke-linejoin="round"
            stroke-width="2"
            viewBox="0 0 24 24"
            width="24"
            xmlns="http://www.w3.org/2000/svg"
          >
            <path
              d="m9 18 6-6-6-6"
            />
          </svg>
        </button>
      </div>
      <div
        class="relative z-10 transition-all duration-500"
      >
        <div
          class="c7 broadcast-button"
        />
        <div
          class="c8"
        >
          <div
            class="mb-0! flex! flex-col! items-center! overflow-visible!"
          >
            <div
              class="group relative! z-6010! flex! overflow-visible! mt-0!"
            >
              <button
                aria-label="Zoom in"
                class="inline-flex items-center justify-center gap-1 whitespace-nowrap rounded-md text-sm font-medium transition-all disabled:pointer-events-none disabled:opacity-50 [&_svg]:pointer-events-none [&_svg:not([class*=size-])]:size-4 shrink-0 [&_svg]:shrink-0 outline-none focus-visible:border-ring focus-visible:ring-ring/50 focus-visible:ring-[3px] aria-invalid:ring-destructive/20 dark:aria-invalid:ring-destructive/40 aria-invalid:border-destructive bg-transparent hover:bg-transparent dark:border-input dark:hover:bg-input/10 size-9 h-8! w-8! rounded-full! transition-colors! bg-background! border-background! text-foreground! rounded-b-none! rounded-t-[1rem]! border-0! border-b! border-b-[#262626]!"
                data-size="icon"
                data-slot="button"
                data-state="closed"
                data-variant="icon"
                type="button"
              >
                <svg
                  aria-hidden="true"
                  class="lucide lucide-plus size-4"
                  fill="none"
                  height="24"
                  stroke="currentColor"
                  stroke-linecap="round"
                  stroke-linejoin="round"
                  stroke-width="2"
                  viewBox="0 0 24 24"
                  width="24"
                  xmlns="http://www.w3.org/2000/svg"
                >
                  <path
                    d="M5 12h14"
                  />
                  <path
                    d="M12 5v14"
                  />
                </svg>
              </button>
            </div>
            <div
              class="group relative! z-6010! flex! overflow-visible! !mt-0"
            >
              <button
                aria-label="Zoom out"
                class="inline-flex items-center justify-center gap-1 whitespace-nowrap rounded-md text-sm font-medium transition-all disabled:pointer-events-none disabled:opacity-50 [&_svg]:pointer-events-none [&_svg:not([class*=size-])]:size-4 shrink-0 [&_svg]:shrink-0 outline-none focus-visible:border-ring focus-visible:ring-ring/50 focus-visible:ring-[3px] aria-invalid:ring-destructive/20 dark:aria-invalid:ring-destructive/40 aria-invalid:border-destructive bg-transparent hover:bg-transparent dark:border-input dark:hover:bg-input/10 size-9 h-8! w-8! rounded-full! transition-colors! bg-background! border-background! text-foreground! !mt-0 !rounded-t-none !rounded-b-[1rem] !border-0"
                data-size="icon"
                data-slot="button"
                data-state="closed"
                data-variant="icon"
                type="button"
              >
                <svg
                  aria-hidden="true"
                  class="lucide lucide-minus size-4"
                  fill="none"
                  height="24"
                  stroke="currentColor"
                  stroke-linecap="round"
                  stroke-linejoin="round"
                  stroke-width="2"
                  viewBox="0 0 24 24"
                  width="24"
                  xmlns="http://www.w3.org/2000/svg"
                >
                  <path
                    d="M5 12h14"
                  />
                </svg>
              </button>
            </div>
          </div>
          <div
            class="group relative! z-6010! mt-2! flex! overflow-visible!"
          >
            <button
              aria-label="Accessible mode"
              class="inline-flex items-center justify-center gap-1 whitespace-nowrap rounded-md text-sm font-medium transition-all disabled:pointer-events-none disabled:opacity-50 [&_svg]:pointer-events-none [&_svg:not([class*=size-])]:size-4 shrink-0 [&_svg]:shrink-0 outline-none focus-visible:border-ring focus-visible:ring-ring/50 focus-visible:ring-[3px] aria-invalid:ring-destructive/20 dark:aria-invalid:ring-destructive/40 aria-invalid:border-destructive bg-transparent hover:bg-transparent dark:border-input dark:hover:bg-input/10 size-9 h-8! w-8! rounded-full! border! transition-colors! bg-background! border-background! text-foreground!"
              data-size="icon"
              data-slot="button"
              data-state="closed"
              data-testid="accessible-button"
              data-variant="icon"
              type="button"
            >
              <svg
                aria-hidden="true"
                class="lucide lucide-person-standing size-4"
                fill="none"
                height="24"
                stroke="currentColor"
                stroke-linecap="round"
                stroke-linejoin="round"
                stroke-width="2"
                viewBox="0 0 24 24"
                width="24"
                xmlns="http://www.w3.org/2000/svg"
              >
                <circle
                  cx="12"
                  cy="5"
                  r="1"
                />
                <path
                  d="m9 20 3-6 3 6"
                />
                <path
                  d="m6 8 6 2 6-2"
                />
                <path
                  d="M12 10v4"
                />
              </svg>
            </button>
          </div>
          <div
            class="theme-wrapper-popup relative! overflow-visible!"
          >
            <span
              class="cds--popover-container cds--popover--caret cds--popover--drop-shadow cds--popover--left-bottom c9 theme-layer-popover-link"
            >
              <div
                class="group relative! z-6010! mt-2! flex! overflow-visible!"
              >
                <button
                  aria-label="Theme & Layers"
                  class="inline-flex items-center justify-center gap-1 whitespace-nowrap rounded-md text-sm font-medium transition-all disabled:pointer-events-none disabled:opacity-50 [&_svg]:pointer-events-none [&_svg:not([class*=size-])]:size-4 shrink-0 [&_svg]:shrink-0 outline-none focus-visible:border-ring focus-visible:ring-ring/50 focus-visible:ring-[3px] aria-invalid:ring-destructive/20 dark:aria-invalid:ring-destructive/40 aria-invalid:border-destructive bg-transparent hover:bg-transparent dark:border-input dark:hover:bg-input/10 size-9 h-8! w-8! rounded-full! border! transition-colors! bg-background! border-background! text-foreground!"
                  data-size="icon"
                  data-slot="button"
                  data-state="closed"
                  data-variant="icon"
                  type="button"
                >
                  <svg
                    aria-hidden="true"
                    class="lucide lucide-settings size-4"
                    fill="none"
                    height="24"
                    stroke="currentColor"
                    stroke-linecap="round"
                    stroke-linejoin="round"
                    stroke-width="2"
                    viewBox="0 0 24 24"
                    width="24"
                    xmlns="http://www.w3.org/2000/svg"
                  >
                    <path
                      d="M9.671 4.136a2.34 2.34 0 0 1 4.659 0 2.34 2.34 0 0 0 3.319 1.915 2.34 2.34 0 0 1 2.33 4.033 2.34 2.34 0 0 0 0 3.831 2.34 2.34 0 0 1-2.33 4.033 2.34 2.34 0 0 0-3.319 1.915 2.34 2.34 0 0 1-4.659 0 2.34 2.34 0 0 0-3.32-1.915 2.34 2.34 0 0 1-2.33-4.033 2.34 2.34 0 0 0 0-3.831A2.34 2.34 0 0 1 6.35 6.051a2.34 2.34 0 0 0 3.319-1.915"
                    />
                    <circle
                      cx="12"
                      cy="12"
                      r="3"
                    />
                  </svg>
                </button>
              </div>
            </span>
          </div>
          <div
            class="relative! legend-container"
          >
            <div
              class="legend-info-popover-link relative! inline-flex!"
              data-slot="popover-anchor"
            >
              <div
                class="group relative! z-6010! mt-2! flex! overflow-visible!"
              >
                <button
                  aria-label="Legend"
                  class="inline-flex items-center justify-center gap-1 whitespace-nowrap rounded-md text-sm font-medium transition-all disabled:pointer-events-none disabled:opacity-50 [&_svg]:pointer-events-none [&_svg:not([class*=size-])]:size-4 shrink-0 [&_svg]:shrink-0 outline-none focus-visible:border-ring focus-visible:ring-ring/50 focus-visible:ring-[3px] aria-invalid:ring-destructive/20 dark:aria-invalid:ring-destructive/40 aria-invalid:border-destructive bg-transparent hover:bg-transparent dark:border-input dark:hover:bg-input/10 size-9 h-8! w-8! rounded-full! border! transition-colors! bg-primary! border-primary! text-white! legend-open-button"
                  data-size="icon"
                  data-slot="button"
                  data-state="closed"
                  data-variant="icon"
                  type="button"
                >
                  <svg
                    aria-hidden="true"
                    class="!block"
                    fill="none"
                    height="16"
                    viewBox="0 0 16 16"
                    width="16"
                    xmlns="http://www.w3.org/2000/svg"
                  >
                    <path
                      d="M4 4H12"
                      stroke="currentColor"
                      stroke-linecap="round"
                      stroke-width="1.6"
                    />
                    <path
                      d="M4 8H12"
                      stroke="currentColor"
                      stroke-linecap="round"
                      stroke-width="1.6"
                    />
                    <path
                      d="M4 12H12"
                      stroke="currentColor"
                      stroke-linecap="round"
                      stroke-width="1.6"
                    />
                    <rect
                      fill="currentColor"
                      height="2.4"
                      rx="0.5"
                      width="2.4"
                      x="2"
                      y="2.8"
                    />
                    <path
                      d="M10.4 6.8L12 9.4H8.8L10.4 6.8Z"
                      fill="currentColor"
                    />
                    <rect
                      fill="currentColor"
                      height="2.4"
                      rx="0.5"
                      width="2.4"
                      x="2"
                      y="10.8"
                    />
                  </svg>
                </button>
              </div>
            </div>
          </div>
        </div>
      </div>
    </div>
  </div>
</DocumentFragment>
`;
