// Vitest Snapshot v1, https://vitest.dev/guide/snapshot.html

exports[`School information > should render component 1`] = `[Function]`;

exports[`School information > should render component 2`] = `[Function]`;

exports[`School information > should render component 3`] = `[Function]`;

exports[`School information should render component 1`] = `[Function]`;

exports[`School information should render component 2`] = `[Function]`;

exports[`School information should render component 3`] = `[Function]`;
