// Vitest Snapshot v1, https://vitest.dev/guide/snapshot.html

exports[`BarChartWrapper Component > renders BarChart with correct props 1`] = `
<DocumentFragment>
  .c0 {
  margin-top: 1rem;
  width: 100%;
}

<div
    class="c0"
  >
    <div
      class="mt-2 flex h-1 max-w-full overflow-hidden rounded-sm"
    >
      <button
        aria-label="239.1k Connected"
        class="block h-full cursor-pointer border-0 p-0"
        data-state="closed"
        style="background-color: rgb(0, 214, 97); width: 23906.5%;"
        type="button"
      />
      <button
        aria-label="95.4k Not connected"
        class="block h-full cursor-pointer border-0 p-0"
        data-state="closed"
        style="background-color: rgb(255, 85, 56); width: 9544.6%;"
        type="button"
      />
    </div>
  </div>
</DocumentFragment>
`;
